// Vitest Snapshot v1

exports[`Test user component with useNavigate hook > Should renders without crashing and navigate to user profile given an userId 1`] = `
<div
  class="user"
  data-testid="user"
  id="user"
>
  <img
    class="user-img"
    height="45px"
    src="http://localhost:3000/public/assets/undefined"
    width="45px"
  />
  <div
    class="user-info"
  >
    <p
      class="paragraph "
      data-testid="paragraph"
      id="paragraph"
    >
      undefined 
    </p>
    <p
      class="nickname"
    >
      @nickname
    </p>
  </div>
</div>
`;
