// Vitest Snapshot v1

exports[`Test dropdown component > Should render without crashing 1`] = `
<div
  class="dropdown"
  data-testid="dropdown"
>
  <img
    alt=""
    class="dropdown__img"
    src="http://localhost:3000/public/assets/undefined"
  />
  <ul
    class="dropdown__list"
  >
    <li>
      test
    </li>
  </ul>
</div>
`;
