// Vitest Snapshot v1

exports[`Test story component > Should render without crashing 1`] = `
<div
  class="story "
  data-testid="story"
>
  <img
    alt="story user image"
    class="story__user-img"
    src="test"
  />
  <div
    class="paragraph undefined"
    data-testid="paragraph"
    id="paragraph"
  >
    test
  </div>
</div>
`;
